// Jest Snapshot v1, https://goo.gl/fbAQLP

exports[`Footer Component matches snapshot 1`] = `
<footer>
  <ul>
    <li>
      <a
        href="."
      >
        Home
      </a>
    </li>
    <li>
      <a
        href="https://www2.gov.bc.ca/gov/content/home/disclaimer"
      >
        Disclaimer
      </a>
    </li>
    <li>
      <a
        href="https://www2.gov.bc.ca/gov/content/home/privacy"
      >
        Privacy
      </a>
    </li>
    <li>
      <a
        href="https://www2.gov.bc.ca/gov/content/home/accessibility"
      >
        Accessibility
      </a>
    </li>
    <li>
      <a
        href="https://www2.gov.bc.ca/gov/content/home/copyright"
      >
        Copyright
      </a>
    </li>
    <li>
      <a
        href="https://github.com/bcgov/devhub-signing-web"
      >
        Contact Us
      </a>
    </li>
  </ul>
</footer>
`;
